=== RUN   TestStartSandbox
Cloning repo: https://github.com/VivanRajath/React-Portfolio
DEBUG RUN: git [clone --depth 1 https://github.com/VivanRajath/React-Portfolio C:\Users\VIVANR~1\AppData\Local\Temp\sandbox-3370185111]
Cloning into 'C:\Users\VIVANR~1\AppData\Local\Temp\sandbox-3370185111'...
Detected runtime: sandbox-node (port 3000)
Startup command: npm install && npm start
DEBUG RUN: docker [run -d --name sandbox-sandbox-3370185111 --memory 512m --cpus 1 --pids-limit 100 -p 0.0.0.0:50890:3000 -v C:\Users\VIVANR~1\AppData\Local\Temp\sandbox-3370185111:/workspace -w /workspace -e PORT=3000 sandbox-node sh -c npm install && npm start]
docker: error during connect: Head "http://%2F%2F.%2Fpipe%2FdockerDesktopLinuxEngine/_ping": open //./pipe/dockerDesktopLinuxEngine: The system cannot find the file specified.

Run 'docker run --help' for more information
    sandbox_test.go:11: exit status 127
--- FAIL: TestStartSandbox (3.56s)
FAIL
exit status 1
FAIL	sandbox	4.872s
